------------------------------------------------------------
Timing Analyzer Summary
------------------------------------------------------------

Type  : Slow 1200mV 85C Model Setup 'MAX10_CLK1_50'
Slack : -0.741
TNS   : -1.480

Type  : Slow 1200mV 85C Model Setup 'altera_reserved_tck'
Slack : 43.867
TNS   : 0.000

Type  : Slow 1200mV 85C Model Setup 'dlx|pll|altpll_component|auto_generated|pll1|clk[1]'
Slack : 6503.876
TNS   : 0.000

Type  : Slow 1200mV 85C Model Setup 'dlx|pll|altpll_component|auto_generated|pll1|clk[0]'
Slack : 52077.947
TNS   : 0.000

Type  : Slow 1200mV 85C Model Hold 'altera_reserved_tck'
Slack : 0.296
TNS   : 0.000

Type  : Slow 1200mV 85C Model Hold 'dlx|pll|altpll_component|auto_generated|pll1|clk[1]'
Slack : 0.312
TNS   : 0.000

Type  : Slow 1200mV 85C Model Hold 'MAX10_CLK1_50'
Slack : 0.324
TNS   : 0.000

Type  : Slow 1200mV 85C Model Hold 'dlx|pll|altpll_component|auto_generated|pll1|clk[0]'
Slack : 0.395
TNS   : 0.000

Type  : Slow 1200mV 85C Model Recovery 'MAX10_CLK1_50'
Slack : 15.962
TNS   : 0.000

Type  : Slow 1200mV 85C Model Recovery 'altera_reserved_tck'
Slack : 95.562
TNS   : 0.000

Type  : Slow 1200mV 85C Model Removal 'altera_reserved_tck'
Slack : 1.128
TNS   : 0.000

Type  : Slow 1200mV 85C Model Removal 'MAX10_CLK1_50'
Slack : 1.218
TNS   : 0.000

Type  : Slow 1200mV 85C Model Minimum Pulse Width 'MAX10_CLK1_50'
Slack : 9.443
TNS   : 0.000

Type  : Slow 1200mV 85C Model Minimum Pulse Width 'MAX10_CLK2_50'
Slack : 16.000
TNS   : 0.000

Type  : Slow 1200mV 85C Model Minimum Pulse Width 'altera_reserved_tck'
Slack : 49.540
TNS   : 0.000

Type  : Slow 1200mV 85C Model Minimum Pulse Width 'ADC_CLK_10'
Slack : 96.000
TNS   : 0.000

Type  : Slow 1200mV 85C Model Minimum Pulse Width 'dlx|pll|altpll_component|auto_generated|pll1|clk[1]'
Slack : 3254.887
TNS   : 0.000

Type  : Slow 1200mV 85C Model Minimum Pulse Width 'dlx|pll|altpll_component|auto_generated|pll1|clk[0]'
Slack : 26041.375
TNS   : 0.000

Type  : Slow 1200mV 0C Model Setup 'MAX10_CLK1_50'
Slack : -0.718
TNS   : -1.433

Type  : Slow 1200mV 0C Model Setup 'altera_reserved_tck'
Slack : 44.359
TNS   : 0.000

Type  : Slow 1200mV 0C Model Setup 'dlx|pll|altpll_component|auto_generated|pll1|clk[1]'
Slack : 6504.400
TNS   : 0.000

Type  : Slow 1200mV 0C Model Setup 'dlx|pll|altpll_component|auto_generated|pll1|clk[0]'
Slack : 52078.245
TNS   : 0.000

Type  : Slow 1200mV 0C Model Hold 'dlx|pll|altpll_component|auto_generated|pll1|clk[1]'
Slack : 0.269
TNS   : 0.000

Type  : Slow 1200mV 0C Model Hold 'MAX10_CLK1_50'
Slack : 0.290
TNS   : 0.000

Type  : Slow 1200mV 0C Model Hold 'altera_reserved_tck'
Slack : 0.290
TNS   : 0.000

Type  : Slow 1200mV 0C Model Hold 'dlx|pll|altpll_component|auto_generated|pll1|clk[0]'
Slack : 0.316
TNS   : 0.000

Type  : Slow 1200mV 0C Model Recovery 'MAX10_CLK1_50'
Slack : 16.212
TNS   : 0.000

Type  : Slow 1200mV 0C Model Recovery 'altera_reserved_tck'
Slack : 95.932
TNS   : 0.000

Type  : Slow 1200mV 0C Model Removal 'altera_reserved_tck'
Slack : 1.049
TNS   : 0.000

Type  : Slow 1200mV 0C Model Removal 'MAX10_CLK1_50'
Slack : 1.107
TNS   : 0.000

Type  : Slow 1200mV 0C Model Minimum Pulse Width 'MAX10_CLK1_50'
Slack : 9.460
TNS   : 0.000

Type  : Slow 1200mV 0C Model Minimum Pulse Width 'MAX10_CLK2_50'
Slack : 16.000
TNS   : 0.000

Type  : Slow 1200mV 0C Model Minimum Pulse Width 'altera_reserved_tck'
Slack : 49.556
TNS   : 0.000

Type  : Slow 1200mV 0C Model Minimum Pulse Width 'ADC_CLK_10'
Slack : 96.000
TNS   : 0.000

Type  : Slow 1200mV 0C Model Minimum Pulse Width 'dlx|pll|altpll_component|auto_generated|pll1|clk[1]'
Slack : 3254.900
TNS   : 0.000

Type  : Slow 1200mV 0C Model Minimum Pulse Width 'dlx|pll|altpll_component|auto_generated|pll1|clk[0]'
Slack : 26041.357
TNS   : 0.000

Type  : Fast 1200mV 0C Model Setup 'MAX10_CLK1_50'
Slack : 1.414
TNS   : 0.000

Type  : Fast 1200mV 0C Model Setup 'altera_reserved_tck'
Slack : 47.525
TNS   : 0.000

Type  : Fast 1200mV 0C Model Setup 'dlx|pll|altpll_component|auto_generated|pll1|clk[1]'
Slack : 6507.786
TNS   : 0.000

Type  : Fast 1200mV 0C Model Setup 'dlx|pll|altpll_component|auto_generated|pll1|clk[0]'
Slack : 52080.919
TNS   : 0.000

Type  : Fast 1200mV 0C Model Hold 'altera_reserved_tck'
Slack : 0.110
TNS   : 0.000

Type  : Fast 1200mV 0C Model Hold 'MAX10_CLK1_50'
Slack : 0.141
TNS   : 0.000

Type  : Fast 1200mV 0C Model Hold 'dlx|pll|altpll_component|auto_generated|pll1|clk[1]'
Slack : 0.151
TNS   : 0.000

Type  : Fast 1200mV 0C Model Hold 'dlx|pll|altpll_component|auto_generated|pll1|clk[0]'
Slack : 0.173
TNS   : 0.000

Type  : Fast 1200mV 0C Model Recovery 'MAX10_CLK1_50'
Slack : 18.001
TNS   : 0.000

Type  : Fast 1200mV 0C Model Recovery 'altera_reserved_tck'
Slack : 97.756
TNS   : 0.000

Type  : Fast 1200mV 0C Model Removal 'altera_reserved_tck'
Slack : 0.490
TNS   : 0.000

Type  : Fast 1200mV 0C Model Removal 'MAX10_CLK1_50'
Slack : 0.551
TNS   : 0.000

Type  : Fast 1200mV 0C Model Minimum Pulse Width 'MAX10_CLK1_50'
Slack : 9.227
TNS   : 0.000

Type  : Fast 1200mV 0C Model Minimum Pulse Width 'MAX10_CLK2_50'
Slack : 16.000
TNS   : 0.000

Type  : Fast 1200mV 0C Model Minimum Pulse Width 'altera_reserved_tck'
Slack : 49.388
TNS   : 0.000

Type  : Fast 1200mV 0C Model Minimum Pulse Width 'ADC_CLK_10'
Slack : 96.000
TNS   : 0.000

Type  : Fast 1200mV 0C Model Minimum Pulse Width 'dlx|pll|altpll_component|auto_generated|pll1|clk[1]'
Slack : 3254.922
TNS   : 0.000

Type  : Fast 1200mV 0C Model Minimum Pulse Width 'dlx|pll|altpll_component|auto_generated|pll1|clk[0]'
Slack : 26041.391
TNS   : 0.000

------------------------------------------------------------
