------------------------------------------------------------
Timing Analyzer Summary
------------------------------------------------------------

Type  : Slow 1200mV 85C Model Setup 'MAX10_CLK1_50'
Slack : 0.585
TNS   : 0.000

Type  : Slow 1200mV 85C Model Setup 'dlx|pll|altpll_component|auto_generated|pll1|clk[1]'
Slack : 6503.898
TNS   : 0.000

Type  : Slow 1200mV 85C Model Setup 'dlx|pll|altpll_component|auto_generated|pll1|clk[0]'
Slack : 52078.578
TNS   : 0.000

Type  : Slow 1200mV 85C Model Hold 'MAX10_CLK1_50'
Slack : 0.324
TNS   : 0.000

Type  : Slow 1200mV 85C Model Hold 'dlx|pll|altpll_component|auto_generated|pll1|clk[0]'
Slack : 0.358
TNS   : 0.000

Type  : Slow 1200mV 85C Model Hold 'dlx|pll|altpll_component|auto_generated|pll1|clk[1]'
Slack : 0.415
TNS   : 0.000

Type  : Slow 1200mV 85C Model Recovery 'MAX10_CLK1_50'
Slack : 15.281
TNS   : 0.000

Type  : Slow 1200mV 85C Model Removal 'MAX10_CLK1_50'
Slack : 0.604
TNS   : 0.000

Type  : Slow 1200mV 85C Model Minimum Pulse Width 'MAX10_CLK1_50'
Slack : 9.408
TNS   : 0.000

Type  : Slow 1200mV 85C Model Minimum Pulse Width 'MAX10_CLK2_50'
Slack : 16.000
TNS   : 0.000

Type  : Slow 1200mV 85C Model Minimum Pulse Width 'ADC_CLK_10'
Slack : 96.000
TNS   : 0.000

Type  : Slow 1200mV 85C Model Minimum Pulse Width 'dlx|pll|altpll_component|auto_generated|pll1|clk[1]'
Slack : 3254.891
TNS   : 0.000

Type  : Slow 1200mV 85C Model Minimum Pulse Width 'dlx|pll|altpll_component|auto_generated|pll1|clk[0]'
Slack : 26041.372
TNS   : 0.000

Type  : Slow 1200mV 0C Model Setup 'MAX10_CLK1_50'
Slack : 2.009
TNS   : 0.000

Type  : Slow 1200mV 0C Model Setup 'dlx|pll|altpll_component|auto_generated|pll1|clk[1]'
Slack : 6504.434
TNS   : 0.000

Type  : Slow 1200mV 0C Model Setup 'dlx|pll|altpll_component|auto_generated|pll1|clk[0]'
Slack : 52078.888
TNS   : 0.000

Type  : Slow 1200mV 0C Model Hold 'MAX10_CLK1_50'
Slack : 0.290
TNS   : 0.000

Type  : Slow 1200mV 0C Model Hold 'dlx|pll|altpll_component|auto_generated|pll1|clk[0]'
Slack : 0.304
TNS   : 0.000

Type  : Slow 1200mV 0C Model Hold 'dlx|pll|altpll_component|auto_generated|pll1|clk[1]'
Slack : 0.335
TNS   : 0.000

Type  : Slow 1200mV 0C Model Recovery 'MAX10_CLK1_50'
Slack : 15.662
TNS   : 0.000

Type  : Slow 1200mV 0C Model Removal 'MAX10_CLK1_50'
Slack : 0.350
TNS   : 0.000

Type  : Slow 1200mV 0C Model Minimum Pulse Width 'MAX10_CLK1_50'
Slack : 9.461
TNS   : 0.000

Type  : Slow 1200mV 0C Model Minimum Pulse Width 'MAX10_CLK2_50'
Slack : 16.000
TNS   : 0.000

Type  : Slow 1200mV 0C Model Minimum Pulse Width 'ADC_CLK_10'
Slack : 96.000
TNS   : 0.000

Type  : Slow 1200mV 0C Model Minimum Pulse Width 'dlx|pll|altpll_component|auto_generated|pll1|clk[1]'
Slack : 3254.902
TNS   : 0.000

Type  : Slow 1200mV 0C Model Minimum Pulse Width 'dlx|pll|altpll_component|auto_generated|pll1|clk[0]'
Slack : 26041.357
TNS   : 0.000

Type  : Fast 1200mV 0C Model Setup 'MAX10_CLK1_50'
Slack : 11.737
TNS   : 0.000

Type  : Fast 1200mV 0C Model Setup 'dlx|pll|altpll_component|auto_generated|pll1|clk[1]'
Slack : 6507.681
TNS   : 0.000

Type  : Fast 1200mV 0C Model Setup 'dlx|pll|altpll_component|auto_generated|pll1|clk[0]'
Slack : 52081.264
TNS   : 0.000

Type  : Fast 1200mV 0C Model Hold 'MAX10_CLK1_50'
Slack : 0.141
TNS   : 0.000

Type  : Fast 1200mV 0C Model Hold 'dlx|pll|altpll_component|auto_generated|pll1|clk[0]'
Slack : 0.165
TNS   : 0.000

Type  : Fast 1200mV 0C Model Hold 'dlx|pll|altpll_component|auto_generated|pll1|clk[1]'
Slack : 0.208
TNS   : 0.000

Type  : Fast 1200mV 0C Model Recovery 'MAX10_CLK1_50'
Slack : 17.743
TNS   : 0.000

Type  : Fast 1200mV 0C Model Removal 'MAX10_CLK1_50'
Slack : 0.447
TNS   : 0.000

Type  : Fast 1200mV 0C Model Minimum Pulse Width 'MAX10_CLK1_50'
Slack : 9.023
TNS   : 0.000

Type  : Fast 1200mV 0C Model Minimum Pulse Width 'MAX10_CLK2_50'
Slack : 16.000
TNS   : 0.000

Type  : Fast 1200mV 0C Model Minimum Pulse Width 'ADC_CLK_10'
Slack : 96.000
TNS   : 0.000

Type  : Fast 1200mV 0C Model Minimum Pulse Width 'dlx|pll|altpll_component|auto_generated|pll1|clk[1]'
Slack : 3254.924
TNS   : 0.000

Type  : Fast 1200mV 0C Model Minimum Pulse Width 'dlx|pll|altpll_component|auto_generated|pll1|clk[0]'
Slack : 26041.390
TNS   : 0.000

------------------------------------------------------------
